2026-05-20 19:22:48,354 - INFO - Protocol started
2026-05-20 19:22:48,358 - INFO - Sample 1 (A1 of Sample plate on 1): Added 100uL Reagent A
2026-05-20 19:22:48,361 - INFO - Sample 1 (A1 of Sample plate on 1): Mixed 3 times
2026-05-20 19:22:48,363 - INFO - Sample 1 (A1 of Sample plate on 1): Added 50uL Reagent B
2026-05-20 19:22:48,366 - INFO - Sample 1 (A1 of Sample plate on 1): Mixed 2 times
2026-05-20 19:22:48,366 - INFO - Sample 1 (A1 of Sample plate on 1): Completed in 0.01s
2026-05-20 19:22:48,368 - INFO - Sample 2 (A2 of Sample plate on 1): Added 100uL Reagent A
2026-05-20 19:22:48,371 - INFO - Sample 2 (A2 of Sample plate on 1): Mixed 3 times
2026-05-20 19:22:48,373 - INFO - Sample 2 (A2 of Sample plate on 1): Added 50uL Reagent B
2026-05-20 19:22:48,376 - INFO - Sample 2 (A2 of Sample plate on 1): Mixed 2 times
2026-05-20 19:22:48,376 - INFO - Sample 2 (A2 of Sample plate on 1): Completed in 0.01s
2026-05-20 19:22:48,378 - INFO - Sample 3 (A3 of Sample plate on 1): Added 100uL Reagent A
2026-05-20 19:22:48,380 - INFO - Sample 3 (A3 of Sample plate on 1): Mixed 3 times
2026-05-20 19:22:48,383 - INFO - Sample 3 (A3 of Sample plate on 1): Added 50uL Reagent B
2026-05-20 19:22:48,385 - INFO - Sample 3 (A3 of Sample plate on 1): Mixed 2 times
2026-05-20 19:22:48,385 - INFO - Sample 3 (A3 of Sample plate on 1): Completed in 0.01s
2026-05-20 19:22:48,388 - INFO - Sample 4 (B1 of Sample plate on 1): Added 100uL Reagent A
2026-05-20 19:22:48,390 - INFO - Sample 4 (B1 of Sample plate on 1): Mixed 3 times
2026-05-20 19:22:48,393 - INFO - Sample 4 (B1 of Sample plate on 1): Added 50uL Reagent B
2026-05-20 19:22:48,395 - INFO - Sample 4 (B1 of Sample plate on 1): Mixed 2 times
2026-05-20 19:22:48,395 - INFO - Sample 4 (B1 of Sample plate on 1): Completed in 0.01s
2026-05-20 19:22:48,397 - INFO - Sample 5 (B2 of Sample plate on 1): Added 100uL Reagent A
2026-05-20 19:22:48,400 - INFO - Sample 5 (B2 of Sample plate on 1): Mixed 3 times
2026-05-20 19:22:48,402 - INFO - Sample 5 (B2 of Sample plate on 1): Added 50uL Reagent B
2026-05-20 19:22:48,404 - INFO - Sample 5 (B2 of Sample plate on 1): Mixed 2 times
2026-05-20 19:22:48,404 - INFO - Sample 5 (B2 of Sample plate on 1): Completed in 0.01s
2026-05-20 19:22:48,406 - INFO - Sample 6 (B3 of Sample plate on 1): Added 100uL Reagent A
2026-05-20 19:22:48,409 - INFO - Sample 6 (B3 of Sample plate on 1): Mixed 3 times
2026-05-20 19:22:48,411 - INFO - Sample 6 (B3 of Sample plate on 1): Added 50uL Reagent B
2026-05-20 19:22:48,414 - INFO - Sample 6 (B3 of Sample plate on 1): Mixed 2 times
2026-05-20 19:22:48,414 - INFO - Sample 6 (B3 of Sample plate on 1): Completed in 0.01s
2026-05-20 19:22:48,416 - INFO - Sample 7 (C1 of Sample plate on 1): Added 100uL Reagent A
2026-05-20 19:22:48,419 - INFO - Sample 7 (C1 of Sample plate on 1): Mixed 3 times
2026-05-20 19:22:48,421 - INFO - Sample 7 (C1 of Sample plate on 1): Added 50uL Reagent B
2026-05-20 19:22:48,423 - INFO - Sample 7 (C1 of Sample plate on 1): Mixed 2 times
2026-05-20 19:22:48,423 - INFO - Sample 7 (C1 of Sample plate on 1): Completed in 0.01s
2026-05-20 19:22:48,426 - INFO - Sample 8 (C2 of Sample plate on 1): Added 100uL Reagent A
2026-05-20 19:22:48,428 - INFO - Sample 8 (C2 of Sample plate on 1): Mixed 3 times
2026-05-20 19:22:48,430 - INFO - Sample 8 (C2 of Sample plate on 1): Added 50uL Reagent B
2026-05-20 19:22:48,433 - INFO - Sample 8 (C2 of Sample plate on 1): Mixed 2 times
2026-05-20 19:22:48,433 - INFO - Sample 8 (C2 of Sample plate on 1): Completed in 0.01s
2026-05-20 19:22:48,435 - INFO - Sample 9 (C3 of Sample plate on 1): Added 100uL Reagent A
2026-05-20 19:22:48,438 - INFO - Sample 9 (C3 of Sample plate on 1): Mixed 3 times
2026-05-20 19:22:48,440 - INFO - Sample 9 (C3 of Sample plate on 1): Added 50uL Reagent B
2026-05-20 19:22:48,442 - INFO - Sample 9 (C3 of Sample plate on 1): Mixed 2 times
2026-05-20 19:22:48,442 - INFO - Sample 9 (C3 of Sample plate on 1): Completed in 0.01s
2026-05-20 19:22:48,444 - INFO - Sample 10 (D1 of Sample plate on 1): Added 100uL Reagent A
2026-05-20 19:22:48,447 - INFO - Sample 10 (D1 of Sample plate on 1): Mixed 3 times
2026-05-20 19:22:48,449 - INFO - Sample 10 (D1 of Sample plate on 1): Added 50uL Reagent B
2026-05-20 19:22:48,452 - INFO - Sample 10 (D1 of Sample plate on 1): Mixed 2 times
2026-05-20 19:22:48,452 - INFO - Sample 10 (D1 of Sample plate on 1): Completed in 0.01s
2026-05-20 19:22:48,454 - INFO - Sample 11 (D2 of Sample plate on 1): Added 100uL Reagent A
2026-05-20 19:22:48,457 - INFO - Sample 11 (D2 of Sample plate on 1): Mixed 3 times
2026-05-20 19:22:48,459 - INFO - Sample 11 (D2 of Sample plate on 1): Added 50uL Reagent B
2026-05-20 19:22:48,461 - INFO - Sample 11 (D2 of Sample plate on 1): Mixed 2 times
2026-05-20 19:22:48,461 - INFO - Sample 11 (D2 of Sample plate on 1): Completed in 0.01s
2026-05-20 19:22:48,463 - INFO - Sample 12 (D3 of Sample plate on 1): Added 100uL Reagent A
2026-05-20 19:22:48,466 - INFO - Sample 12 (D3 of Sample plate on 1): Mixed 3 times
2026-05-20 19:22:48,468 - INFO - Sample 12 (D3 of Sample plate on 1): Added 50uL Reagent B
2026-05-20 19:22:48,470 - INFO - Sample 12 (D3 of Sample plate on 1): Mixed 2 times
2026-05-20 19:22:48,471 - INFO - Sample 12 (D3 of Sample plate on 1): Completed in 0.01s
2026-05-20 19:22:48,471 - INFO - Batch finished: 12 success, 0 failures
2026-05-20 19:22:48,471 - INFO - Quality check: All samples passed.
2026-05-20 19:22:48,471 - INFO - Total processing time: 0.11s
2026-05-20 19:22:48,471 - INFO - Protocol ended
